18.3665 	WARNING 	Font Manager failed to load file /System/Library/PrivateFrameworks/FontServices.framework/Resources/Reserved/PingFangUI.ttc
19.0613 	WARNING 	Font Manager failed to load file /System/Library/PrivateFrameworks/FontServices.framework/Resources/Reserved/PingFangUI.ttc
19.0936 	INFO 	Loaded monitor calibration from ['2025_08_07 09:39']
19.3038 	INFO 	Using renderer 'Apple M1' for graphics
19.3038 	INFO 	OpenGL version supported by driver is 2..
19.3590 	EXP 	Created window1 = Window(allowGUI=True, allowStencil=False, autoLog=True, backendConf=UNKNOWN, backgroundFit=<method-wrapper '__getattribute__' of attributeSetter object at 0x152e757e0>, backgroundImage=<method-wrapper '__getattribute__' of attributeSetter object at 0x152e75780>, bitsMode=UNKNOWN, blendMode='avg', bpc=(8, 8, 8), color=array([0, 0, 0]), colorSpace='rgb', depthBits=8, fullscr=False, gamma=None, gammaErrorPolicy='raise', infoMsg=UNKNOWN, lms=UNKNOWN, monitor=<psychopy.monitors.calibTools.Monitor object at 0x152e136a0>, multiSample=False, name='window1', numSamples=2, pos=[np.float64(220.0), np.float64(150.0)], screen=0, size=array([2000, 1200]), stencilBits=0, stereo=False, title='PsychoPy', units='height', useFBO=True, useRetina=True, viewOri=0.0, viewPos=None, viewScale=None, waitBlanking=True, winType='pyglet')
19.3590 	EXP 	window1: backgroundImage = ''
19.3591 	EXP 	window1: backgroundFit = 'none'
20.2777 	INFO 	keyboard.Keyboard is using ptb backend.
20.5384 	INFO 	keyboard.Keyboard is using ptb backend.
20.5384 	EXP 	staircase experiment: status = STARTED
20.5508 	EXP 	Created fixation = ShapeStim(__class__=<class 'psychopy.visual.shape.ShapeStim'>, anchor=('center', 'center'), autoDraw=False, autoLog=True, closeShape=True, color=method-wrapper(...), colorSpace='rgb', contrast=None, depth=-1.0, draggable=True, fillColor=array([1, 1, 1]), fillColorSpace='rgb', fillRGB=array([1, 1, 1]), interpolate=True, lineColor=array([1., 1., 1.]), lineColorSpace='rgb', lineRGB=array([1, 1, 1]), lineWidth=1.0, name='fixation', opacity=1, ori=0.0, pos=array([0., 0.]), size=array([0.1, 0.1]), units='height', vertices=ndarray(...), win=Window(...), windingRule=None)
20.5558 	EXP 	Created grating = GratingStim(__class__=<class 'psychopy.visual.grating.GratingStim'>, anchor='center', autoDraw=False, autoLog=True, blendmode='avg', color=array([0.5, 0.5, 0.5]), colorSpace='rgb', contrast=0.5, depth=-2.0, draggable=True, interpolate=True, mask='gauss', maskParams=None, name='grating', opacity=1, ori=1.0, phase=array([0., 0.]), pos=array([0., 0.]), rgbPedestal=array([0., 0., 0.]), sf=array([8., 8.]), size=array([0.3, 0.3]), tex='sin', texRes=128.0, units='height', win=Window(...))
0.2232 	WARNING 	Increasing number of minimum required reversals to the number of step sizes, (5).
0.2499 	EXP 	grating: ori = np.float64(-10.0)
0.2499 	EXP 	fixation: autoDraw = True
0.7153 	EXP 	grating: autoDraw = True
0.7153 	EXP 	grating: tex = 'sin'
0.7458 	EXP 	fixation: autoDraw = False
1.0131 	EXP 	grating: autoDraw = False
1.9636 	EXP 	Device response: <KeyPress from None: t=1.7244701250019716, value=right, duration=None>
1.9637 	EXP 	Device response: <KeyPress from None: t=1.7244701250019716, value=right, duration=0.17822604200046044>
1.9927 	DATA 	Keypress: right
1.9960 	EXP 	fixation: autoDraw = False
1.9960 	EXP 	grating: autoDraw = False
1.9960 	EXP 	grating: ori = np.float64(-12.0)
1.9960 	EXP 	fixation: autoDraw = True
2.4524 	EXP 	grating: autoDraw = True
2.4846 	EXP 	fixation: autoDraw = False
2.7493 	EXP 	grating: autoDraw = False
2.8486 	EXP 	Device response: <KeyPress from None: t=2.844751208991511, value=left, duration=None>
2.8559 	DATA 	Keypress: left
2.8596 	EXP 	fixation: autoDraw = False
2.8596 	EXP 	grating: autoDraw = False
2.8596 	EXP 	grating: ori = np.float64(-11.0)
2.8596 	EXP 	fixation: autoDraw = True
3.0311 	EXP 	Device response: <KeyPress from None: t=2.844751208991511, value=left, duration=0.18426208299933933>
3.3467 	EXP 	grating: autoDraw = True
3.3514 	EXP 	fixation: autoDraw = False
3.6336 	EXP 	grating: autoDraw = False
3.7989 	EXP 	Device response: <KeyPress from None: t=3.794923124994966, value=left, duration=None>
3.8208 	DATA 	Keypress: left
3.8244 	EXP 	fixation: autoDraw = False
3.8244 	EXP 	grating: autoDraw = False
3.8244 	EXP 	grating: ori = np.float64(11.0)
3.8244 	EXP 	fixation: autoDraw = True
3.9646 	EXP 	Device response: <KeyPress from None: t=3.794923124994966, value=left, duration=0.1560182090033777>
4.2964 	EXP 	grating: autoDraw = True
4.3179 	EXP 	fixation: autoDraw = False
4.5837 	EXP 	grating: autoDraw = False
4.7826 	EXP 	Device response: <KeyPress from None: t=4.773707749991445, value=right, duration=None>
4.7886 	DATA 	Keypress: right
4.7923 	EXP 	fixation: autoDraw = False
4.7923 	EXP 	grating: autoDraw = False
4.7923 	EXP 	grating: ori = np.float64(11.0)
4.7923 	EXP 	fixation: autoDraw = True
4.9855 	EXP 	Device response: <KeyPress from None: t=4.773707749991445, value=right, duration=0.20808675000444055>
5.2798 	EXP 	grating: autoDraw = True
5.2836 	EXP 	fixation: autoDraw = False
5.5669 	EXP 	grating: autoDraw = False
5.9520 	EXP 	Device response: <KeyPress from None: t=5.95063345899689, value=left, duration=None>
5.9570 	DATA 	Keypress: left
5.9626 	EXP 	fixation: autoDraw = False
5.9626 	EXP 	grating: autoDraw = False
5.9626 	EXP 	grating: ori = np.float64(12.0)
5.9626 	EXP 	fixation: autoDraw = True
6.1315 	EXP 	Device response: <KeyPress from None: t=5.95063345899689, value=left, duration=0.1681982500012964>
6.4521 	EXP 	fixation: autoDraw = False
6.4521 	EXP 	grating: autoDraw = True
6.7503 	EXP 	grating: autoDraw = False
7.0820 	EXP 	Device response: <KeyPress from None: t=7.067546958991443, value=left, duration=None>
7.0873 	DATA 	Keypress: left
7.0913 	EXP 	fixation: autoDraw = False
7.0913 	EXP 	grating: autoDraw = False
7.0913 	EXP 	grating: ori = np.float64(-13.0)
7.0913 	EXP 	fixation: autoDraw = True
7.2482 	EXP 	Device response: <KeyPress from None: t=7.067546958991443, value=left, duration=0.16829625000536907>
7.5799 	EXP 	grating: autoDraw = True
7.5846 	EXP 	fixation: autoDraw = False
7.8671 	EXP 	grating: autoDraw = False
8.2817 	EXP 	Device response: <KeyPress from None: t=8.275982209001086, value=left, duration=None>
8.2869 	DATA 	Keypress: left
8.2912 	EXP 	fixation: autoDraw = False
8.2912 	EXP 	grating: autoDraw = False
8.2912 	EXP 	grating: ori = np.float64(-13.0)
8.2912 	EXP 	fixation: autoDraw = True
8.4692 	EXP 	Device response: <KeyPress from None: t=8.275982209001086, value=left, duration=0.1879708749911515>
8.7799 	EXP 	grating: autoDraw = True
8.7837 	EXP 	fixation: autoDraw = False
9.0671 	EXP 	grating: autoDraw = False
9.4485 	EXP 	Device response: <KeyPress from None: t=9.439579708996462, value=left, duration=None>
9.4535 	DATA 	Keypress: left
9.4574 	EXP 	fixation: autoDraw = False
9.4574 	EXP 	grating: autoDraw = False
9.4574 	EXP 	grating: ori = np.float64(-13.0)
9.4574 	EXP 	fixation: autoDraw = True
9.6189 	EXP 	Device response: <KeyPress from None: t=9.439579708996462, value=left, duration=0.17628854099893942>
9.9466 	EXP 	grating: autoDraw = True
9.9512 	EXP 	fixation: autoDraw = False
10.2336 	EXP 	grating: autoDraw = False
10.6154 	EXP 	Device response: <KeyPress from None: t=10.606890875002136, value=right, duration=None>
10.6205 	DATA 	Keypress: right
10.6242 	EXP 	fixation: autoDraw = False
10.6242 	EXP 	grating: autoDraw = False
10.6242 	EXP 	grating: ori = np.float64(-14.0)
10.6242 	EXP 	fixation: autoDraw = True
10.7854 	EXP 	Device response: <KeyPress from None: t=10.606890875002136, value=right, duration=0.1759346249891678>
11.1136 	EXP 	grating: autoDraw = True
11.1180 	EXP 	fixation: autoDraw = False
11.4002 	EXP 	grating: autoDraw = False
11.6818 	EXP 	Device response: <KeyPress from None: t=11.667715666990262, value=left, duration=None>
11.6867 	DATA 	Keypress: left
11.6908 	EXP 	fixation: autoDraw = False
11.6908 	EXP 	grating: autoDraw = False
11.6908 	EXP 	grating: ori = np.float64(14.0)
11.6908 	EXP 	fixation: autoDraw = True
11.8525 	EXP 	Device response: <KeyPress from None: t=11.667715666990262, value=left, duration=0.18015712501073722>
12.1801 	EXP 	grating: autoDraw = True
12.1845 	EXP 	fixation: autoDraw = False
12.4671 	EXP 	grating: autoDraw = False
12.6154 	EXP 	Device response: <KeyPress from None: t=12.606942667000112, value=right, duration=None>
12.6203 	DATA 	Keypress: right
12.6244 	EXP 	fixation: autoDraw = False
12.6244 	EXP 	grating: autoDraw = False
12.6244 	EXP 	grating: ori = np.float64(14.0)
12.6244 	EXP 	fixation: autoDraw = True
12.8148 	EXP 	Device response: <KeyPress from None: t=12.606942667000112, value=right, duration=0.20013649998873007>
13.1134 	EXP 	grating: autoDraw = True
13.1175 	EXP 	fixation: autoDraw = False
13.4005 	EXP 	grating: autoDraw = False
13.4149 	EXP 	Device response: <KeyPress from None: t=13.407071499997983, value=left, duration=None>
13.4194 	DATA 	Keypress: left
13.4234 	EXP 	fixation: autoDraw = False
13.4234 	EXP 	grating: autoDraw = False
13.4234 	EXP 	grating: ori = np.float64(-15.0)
13.4234 	EXP 	fixation: autoDraw = True
13.5812 	EXP 	Device response: <KeyPress from None: t=13.407071499997983, value=left, duration=0.16810845899453852>
13.9133 	EXP 	grating: autoDraw = True
13.9178 	EXP 	fixation: autoDraw = False
14.1821 	EXP 	Device response: <KeyPress from None: t=14.177928459001123, value=right, duration=None>
14.1871 	DATA 	Keypress: right
14.1911 	EXP 	fixation: autoDraw = False
14.1911 	EXP 	grating: autoDraw = False
14.1911 	EXP 	grating: ori = np.float64(16.0)
14.1911 	EXP 	fixation: autoDraw = True
14.4028 	EXP 	Device response: <KeyPress from None: t=14.177928459001123, value=right, duration=0.2199314999888884>
14.6801 	EXP 	grating: autoDraw = True
14.6847 	EXP 	fixation: autoDraw = False
14.9672 	EXP 	grating: autoDraw = False
16.4321 	EXP 	Device response: <KeyPress from None: t=16.427995334001025, value=right, duration=None>
16.4375 	DATA 	Keypress: right
16.4416 	EXP 	fixation: autoDraw = False
16.4416 	EXP 	grating: autoDraw = False
16.4416 	EXP 	grating: ori = np.float64(16.0)
16.4416 	EXP 	fixation: autoDraw = True
16.5192 	EXP 	Device response: <KeyPress from None: t=16.427995334001025, value=right, duration=0.08786579099250957>
16.9302 	EXP 	grating: autoDraw = True
16.9339 	EXP 	fixation: autoDraw = False
17.2172 	EXP 	grating: autoDraw = False
17.9201 	EXP 	Device response: <KeyPress from None: t=17.915707209001994, value=right, duration=None>
17.9255 	DATA 	Keypress: right
17.9296 	EXP 	fixation: autoDraw = False
17.9296 	EXP 	grating: autoDraw = False
17.9296 	EXP 	grating: ori = np.float64(-16.0)
17.9296 	EXP 	fixation: autoDraw = True
18.0861 	EXP 	Device response: <KeyPress from None: t=17.915707209001994, value=right, duration=0.16827974999614526>
18.4188 	EXP 	fixation: autoDraw = False
18.4188 	EXP 	grating: autoDraw = True
18.7173 	EXP 	grating: autoDraw = False
19.0321 	EXP 	Device response: <KeyPress from None: t=19.02401712498977, value=left, duration=None>
19.0375 	DATA 	Keypress: left
19.0415 	EXP 	fixation: autoDraw = False
19.0415 	EXP 	grating: autoDraw = False
19.0415 	EXP 	grating: ori = np.float64(-16.0)
19.0415 	EXP 	fixation: autoDraw = True
19.1680 	EXP 	Device response: <KeyPress from None: t=19.02401712498977, value=left, duration=0.14005420901230536>
19.5302 	EXP 	grating: autoDraw = True
19.5347 	EXP 	fixation: autoDraw = False
19.8175 	EXP 	grating: autoDraw = False
19.9321 	EXP 	Device response: <KeyPress from None: t=19.92496904199652, value=left, duration=None>
19.9372 	DATA 	Keypress: left
19.9412 	EXP 	fixation: autoDraw = False
19.9412 	EXP 	grating: autoDraw = False
19.9412 	EXP 	grating: ori = np.float64(16.0)
19.9412 	EXP 	fixation: autoDraw = True
20.0484 	EXP 	Device response: <KeyPress from None: t=19.92496904199652, value=left, duration=0.1202794169948902>
20.4301 	EXP 	grating: autoDraw = True
20.4340 	EXP 	fixation: autoDraw = False
20.7172 	EXP 	grating: autoDraw = False
20.9857 	EXP 	Device response: <KeyPress from None: t=20.982651083992096, value=right, duration=None>
20.9906 	DATA 	Keypress: right
20.9963 	EXP 	fixation: autoDraw = False
20.9963 	EXP 	grating: autoDraw = False
20.9963 	EXP 	grating: ori = np.float64(16.0)
20.9963 	EXP 	fixation: autoDraw = True
21.1652 	EXP 	Device response: <KeyPress from None: t=20.982651083992096, value=right, duration=0.17658841599768493>
21.4858 	EXP 	fixation: autoDraw = False
21.4858 	EXP 	grating: autoDraw = True
21.7839 	EXP 	grating: autoDraw = False
21.9693 	EXP 	Device response: <KeyPress from None: t=21.963816749994294, value=right, duration=None>
21.9743 	DATA 	Keypress: right
21.9797 	EXP 	fixation: autoDraw = False
21.9797 	EXP 	grating: autoDraw = False
21.9797 	EXP 	grating: ori = np.float64(-16.0)
21.9797 	EXP 	fixation: autoDraw = True
22.1151 	EXP 	Device response: <KeyPress from None: t=21.963816749994294, value=right, duration=0.14442241699725855>
22.4636 	EXP 	grating: autoDraw = True
22.4674 	EXP 	fixation: autoDraw = False
22.7507 	EXP 	grating: autoDraw = False
22.7823 	EXP 	Device response: <KeyPress from None: t=22.76873166699079, value=left, duration=None>
22.7873 	DATA 	Keypress: left
22.7912 	EXP 	fixation: autoDraw = False
22.7912 	EXP 	grating: autoDraw = False
22.7912 	EXP 	grating: ori = np.float64(16.0)
22.7912 	EXP 	fixation: autoDraw = True
22.9192 	EXP 	Device response: <KeyPress from None: t=22.76873166699079, value=left, duration=0.14819829200860113>
23.2803 	EXP 	grating: autoDraw = True
23.2848 	EXP 	fixation: autoDraw = False
23.5674 	EXP 	grating: autoDraw = False
23.6496 	EXP 	Device response: <KeyPress from None: t=23.637719166988973, value=right, duration=None>
23.6556 	DATA 	Keypress: right
23.6596 	EXP 	fixation: autoDraw = False
23.6596 	EXP 	grating: autoDraw = False
23.6596 	EXP 	grating: ori = np.float64(16.0)
23.6596 	EXP 	fixation: autoDraw = True
23.7653 	EXP 	Device response: <KeyPress from None: t=23.637719166988973, value=right, duration=0.11620587500510737>
24.1470 	EXP 	grating: autoDraw = True
24.1513 	EXP 	fixation: autoDraw = False
24.4344 	EXP 	grating: autoDraw = False
24.5323 	EXP 	Device response: <KeyPress from None: t=24.522787541995058, value=right, duration=None>
24.5377 	DATA 	Keypress: right
24.5415 	EXP 	fixation: autoDraw = False
24.5415 	EXP 	grating: autoDraw = False
24.5415 	EXP 	grating: ori = np.float64(-16.0)
24.5415 	EXP 	fixation: autoDraw = True
24.6820 	EXP 	Device response: <KeyPress from None: t=24.522787541995058, value=right, duration=0.1525012079946464>
25.0301 	EXP 	grating: autoDraw = True
25.0338 	EXP 	fixation: autoDraw = False
25.3178 	EXP 	grating: autoDraw = False
25.5825 	EXP 	Device response: <KeyPress from None: t=25.57173999999941, value=left, duration=None>
25.5871 	DATA 	Keypress: left
25.5910 	EXP 	fixation: autoDraw = False
25.5910 	EXP 	grating: autoDraw = False
25.5910 	EXP 	grating: ori = np.float64(16.0)
25.5910 	EXP 	fixation: autoDraw = True
25.6820 	EXP 	Device response: <KeyPress from None: t=25.57173999999941, value=left, duration=0.1045648339932086>
26.0805 	EXP 	grating: autoDraw = True
26.0849 	EXP 	fixation: autoDraw = False
26.3675 	EXP 	grating: autoDraw = False
26.5528 	EXP 	Device response: <KeyPress from None: t=26.54869024999789, value=right, duration=None>
26.5574 	DATA 	Keypress: right
26.5632 	EXP 	fixation: autoDraw = False
26.5632 	EXP 	grating: autoDraw = False
26.5632 	EXP 	grating: ori = np.float64(-16.0)
26.5632 	EXP 	fixation: autoDraw = True
26.6865 	EXP 	Device response: <KeyPress from None: t=26.54869024999789, value=right, duration=0.13236866699298844>
27.0523 	EXP 	fixation: autoDraw = False
27.0523 	EXP 	grating: autoDraw = True
27.3192 	EXP 	Device response: <KeyPress from None: t=27.31465099999332, value=left, duration=None>
27.3235 	DATA 	Keypress: left
27.3300 	EXP 	fixation: autoDraw = False
27.3300 	EXP 	grating: autoDraw = False
27.3300 	EXP 	grating: ori = np.float64(-16.0)
27.3300 	EXP 	fixation: autoDraw = True
27.4154 	EXP 	Device response: <KeyPress from None: t=27.31465099999332, value=left, duration=0.09238541699596681>
27.8189 	EXP 	fixation: autoDraw = False
27.8189 	EXP 	grating: autoDraw = True
28.1175 	EXP 	grating: autoDraw = False
28.1490 	EXP 	Device response: <KeyPress from None: t=28.144925375003368, value=right, duration=None>
28.1540 	DATA 	Keypress: right
28.1577 	EXP 	fixation: autoDraw = False
28.1577 	EXP 	grating: autoDraw = False
28.1577 	EXP 	grating: ori = np.float64(20.0)
28.1577 	EXP 	fixation: autoDraw = True
28.2359 	EXP 	Device response: <KeyPress from None: t=28.144925375003368, value=right, duration=0.0880324999889126>
28.6471 	EXP 	grating: autoDraw = True
28.6518 	EXP 	fixation: autoDraw = False
28.9342 	EXP 	grating: autoDraw = False
29.2522 	EXP 	Device response: <KeyPress from None: t=29.24963795900112, value=right, duration=None>
29.2562 	DATA 	Keypress: right
29.2637 	EXP 	fixation: autoDraw = False
29.2637 	EXP 	grating: autoDraw = False
29.2637 	EXP 	grating: ori = np.float64(20.0)
29.2637 	EXP 	fixation: autoDraw = True
29.3819 	EXP 	Device response: <KeyPress from None: t=29.24963795900112, value=right, duration=0.1286968749918742>
29.7530 	EXP 	fixation: autoDraw = False
29.7530 	EXP 	grating: autoDraw = True
30.0511 	EXP 	grating: autoDraw = False
30.3028 	EXP 	Device response: <KeyPress from None: t=30.29869658399548, value=right, duration=None>
30.3072 	DATA 	Keypress: right
30.3132 	EXP 	fixation: autoDraw = False
30.3132 	EXP 	grating: autoDraw = False
30.3132 	EXP 	grating: ori = np.float64(20.0)
30.3132 	EXP 	fixation: autoDraw = True
30.4653 	EXP 	Device response: <KeyPress from None: t=30.29869658399548, value=right, duration=0.16053758299676701>
30.8026 	EXP 	fixation: autoDraw = False
30.8026 	EXP 	grating: autoDraw = True
31.1009 	EXP 	grating: autoDraw = False
31.2824 	EXP 	Device response: <KeyPress from None: t=31.267798333996325, value=right, duration=None>
31.2876 	DATA 	Keypress: right
31.2918 	EXP 	fixation: autoDraw = False
31.2918 	EXP 	grating: autoDraw = False
31.2918 	EXP 	grating: ori = np.float64(-15.0)
31.2918 	EXP 	fixation: autoDraw = True
31.4321 	EXP 	Device response: <KeyPress from None: t=31.267798333996325, value=right, duration=0.15216195800167043>
31.7805 	EXP 	grating: autoDraw = True
31.7852 	EXP 	fixation: autoDraw = False
32.0676 	EXP 	grating: autoDraw = False
32.0823 	EXP 	Device response: <KeyPress from None: t=32.07280762499431, value=left, duration=None>
32.0869 	DATA 	Keypress: left
32.0908 	EXP 	fixation: autoDraw = False
32.0908 	EXP 	grating: autoDraw = False
32.0908 	EXP 	grating: ori = np.float64(-15.0)
32.0908 	EXP 	fixation: autoDraw = True
32.2022 	EXP 	Device response: <KeyPress from None: t=32.07280762499431, value=left, duration=0.12821233400609344>
32.5806 	EXP 	grating: autoDraw = True
32.5850 	EXP 	fixation: autoDraw = False
32.8678 	EXP 	grating: autoDraw = False
32.9991 	EXP 	Device response: <KeyPress from None: t=32.99208254199766, value=left, duration=None>
33.0043 	DATA 	Keypress: left
33.0083 	EXP 	fixation: autoDraw = False
33.0083 	EXP 	grating: autoDraw = False
33.0083 	EXP 	grating: ori = np.float64(15.0)
33.0083 	EXP 	fixation: autoDraw = True
33.1033 	EXP 	Device response: <KeyPress from None: t=32.99208254199766, value=left, duration=0.10790354199707508>
33.4972 	EXP 	grating: autoDraw = True
33.5010 	EXP 	fixation: autoDraw = False
33.7843 	EXP 	grating: autoDraw = False
33.8822 	EXP 	Device response: <KeyPress from None: t=33.87803287499992, value=right, duration=None>
33.8870 	DATA 	Keypress: right
33.8907 	EXP 	fixation: autoDraw = False
33.8907 	EXP 	grating: autoDraw = False
33.8907 	EXP 	grating: ori = np.float64(10.0)
33.8907 	EXP 	fixation: autoDraw = True
34.0154 	EXP 	Device response: <KeyPress from None: t=33.87803287499992, value=right, duration=0.1281228339939844>
34.3806 	EXP 	grating: autoDraw = True
34.3853 	EXP 	fixation: autoDraw = False
34.6678 	EXP 	grating: autoDraw = False
34.8161 	EXP 	Device response: <KeyPress from None: t=34.80908991699107, value=right, duration=None>
34.8214 	DATA 	Keypress: right
34.8254 	EXP 	fixation: autoDraw = False
34.8254 	EXP 	grating: autoDraw = False
34.8254 	EXP 	grating: ori = np.float64(-10.0)
34.8254 	EXP 	fixation: autoDraw = True
34.9531 	EXP 	Device response: <KeyPress from None: t=34.80908991699107, value=right, duration=0.139903500006767>
35.3140 	EXP 	grating: autoDraw = True
35.3186 	EXP 	fixation: autoDraw = False
35.5989 	EXP 	Device response: <KeyPress from None: t=35.590871041989885, value=left, duration=None>
35.6038 	DATA 	Keypress: left
35.6076 	EXP 	grating: autoDraw = False
35.6076 	EXP 	fixation: autoDraw = False
35.6076 	EXP 	grating: autoDraw = False
35.6076 	EXP 	grating: ori = np.float64(-10.0)
35.6076 	EXP 	fixation: autoDraw = True
35.6821 	EXP 	Device response: <KeyPress from None: t=35.590871041989885, value=left, duration=0.08016525000857655>
36.0973 	EXP 	grating: autoDraw = True
36.1021 	EXP 	fixation: autoDraw = False
36.3844 	EXP 	grating: autoDraw = False
36.6528 	EXP 	Device response: <KeyPress from None: t=36.64973887499946, value=left, duration=None>
36.6574 	DATA 	Keypress: left
36.6634 	EXP 	fixation: autoDraw = False
36.6634 	EXP 	grating: autoDraw = False
36.6634 	EXP 	grating: ori = np.float64(5.0)
36.6634 	EXP 	fixation: autoDraw = True
36.7989 	EXP 	Device response: <KeyPress from None: t=36.64973887499946, value=left, duration=0.1403807919996325>
37.1526 	EXP 	fixation: autoDraw = False
37.1526 	EXP 	grating: autoDraw = True
37.4473 	EXP 	grating: autoDraw = False
37.8528 	EXP 	Device response: <KeyPress from None: t=37.850771083991276, value=right, duration=None>
37.8571 	DATA 	Keypress: right
37.8635 	EXP 	fixation: autoDraw = False
37.8635 	EXP 	grating: autoDraw = False
37.8635 	EXP 	grating: ori = np.float64(5.0)
37.8635 	EXP 	fixation: autoDraw = True
37.9823 	EXP 	Device response: <KeyPress from None: t=37.850771083991276, value=right, duration=0.12458745800540783>
38.3529 	EXP 	fixation: autoDraw = False
38.3529 	EXP 	grating: autoDraw = True
38.6512 	EXP 	grating: autoDraw = False
38.7159 	EXP 	Device response: <KeyPress from None: t=38.705840499998885, value=left, duration=None>
38.7211 	DATA 	Keypress: left
38.7249 	EXP 	fixation: autoDraw = False
38.7249 	EXP 	grating: autoDraw = False
38.7249 	EXP 	grating: ori = np.float64(10.0)
38.7249 	EXP 	fixation: autoDraw = True
38.7990 	EXP 	Device response: <KeyPress from None: t=38.705840499998885, value=left, duration=0.08026191699900664>
39.2140 	EXP 	grating: autoDraw = True
39.2188 	EXP 	fixation: autoDraw = False
39.5012 	EXP 	grating: autoDraw = False
39.9994 	EXP 	Device response: <KeyPress from None: t=39.99410966699361, value=right, duration=None>
40.0042 	DATA 	Keypress: right
40.0082 	EXP 	fixation: autoDraw = False
40.0082 	EXP 	grating: autoDraw = False
40.0082 	EXP 	grating: ori = np.float64(-10.0)
40.0082 	EXP 	fixation: autoDraw = True
40.1364 	EXP 	Device response: <KeyPress from None: t=39.99410966699361, value=right, duration=0.1399685420037713>
40.4974 	EXP 	grating: autoDraw = True
40.5021 	EXP 	fixation: autoDraw = False
40.7845 	EXP 	grating: autoDraw = False
40.9659 	EXP 	Device response: <KeyPress from None: t=40.95583095899201, value=left, duration=None>
40.9708 	DATA 	Keypress: left
40.9745 	EXP 	fixation: autoDraw = False
40.9745 	EXP 	grating: autoDraw = False
40.9745 	EXP 	grating: ori = np.float64(10.0)
40.9745 	EXP 	fixation: autoDraw = True
41.0491 	EXP 	Device response: <KeyPress from None: t=40.95583095899201, value=left, duration=0.08019662500009872>
41.4641 	EXP 	grating: autoDraw = True
41.4679 	EXP 	fixation: autoDraw = False
41.7512 	EXP 	grating: autoDraw = False
41.9825 	EXP 	Device response: <KeyPress from None: t=41.97180754199508, value=left, duration=None>
41.9871 	DATA 	Keypress: left
41.9908 	EXP 	fixation: autoDraw = False
41.9908 	EXP 	grating: autoDraw = False
41.9908 	EXP 	grating: ori = np.float64(-15.0)
41.9908 	EXP 	fixation: autoDraw = True
42.0653 	EXP 	Device response: <KeyPress from None: t=41.97180754199508, value=left, duration=0.09240787499584258>
42.4808 	EXP 	grating: autoDraw = True
42.4856 	EXP 	fixation: autoDraw = False
42.7680 	EXP 	grating: autoDraw = False
43.2660 	EXP 	Device response: <KeyPress from None: t=43.25583441699564, value=left, duration=None>
43.2713 	DATA 	Keypress: left
43.2753 	EXP 	fixation: autoDraw = False
43.2753 	EXP 	grating: autoDraw = False
43.2753 	EXP 	grating: ori = np.float64(15.0)
43.2753 	EXP 	fixation: autoDraw = True
43.3491 	EXP 	Device response: <KeyPress from None: t=43.25583441699564, value=left, duration=0.08866325000417419>
43.7641 	EXP 	grating: autoDraw = True
43.7690 	EXP 	fixation: autoDraw = False
44.0516 	EXP 	grating: autoDraw = False
44.3322 	EXP 	Device response: <KeyPress from None: t=44.328089125003316, value=right, duration=None>
44.3369 	DATA 	Keypress: right
44.3408 	EXP 	fixation: autoDraw = False
44.3408 	EXP 	grating: autoDraw = False
44.3408 	EXP 	grating: ori = np.float64(-15.0)
44.3408 	EXP 	fixation: autoDraw = True
44.4366 	EXP 	Device response: <KeyPress from None: t=44.328089125003316, value=right, duration=0.10395499999867752>
44.8311 	EXP 	grating: autoDraw = True
44.8358 	EXP 	fixation: autoDraw = False
45.1180 	EXP 	grating: autoDraw = False
45.1995 	EXP 	Device response: <KeyPress from None: t=45.196188374990015, value=left, duration=None>
45.2046 	DATA 	Keypress: left
45.2088 	EXP 	fixation: autoDraw = False
45.2088 	EXP 	grating: autoDraw = False
45.2088 	EXP 	grating: ori = np.float64(-10.0)
45.2088 	EXP 	fixation: autoDraw = True
45.2824 	EXP 	Device response: <KeyPress from None: t=45.196188374990015, value=left, duration=0.07591137501003686>
45.6977 	EXP 	grating: autoDraw = True
45.7024 	EXP 	fixation: autoDraw = False
45.9847 	EXP 	grating: autoDraw = False
46.0529 	EXP 	Device response: <KeyPress from None: t=46.04981116700219, value=right, duration=None>
46.0575 	DATA 	Keypress: right
46.0637 	EXP 	fixation: autoDraw = False
46.0637 	EXP 	grating: autoDraw = False
46.0637 	EXP 	grating: ori = np.float64(-15.0)
46.0637 	EXP 	fixation: autoDraw = True
46.1323 	EXP 	Device response: <KeyPress from None: t=46.04981116700219, value=right, duration=0.08049358299467713>
46.5530 	EXP 	fixation: autoDraw = False
46.5530 	EXP 	grating: autoDraw = True
46.8514 	EXP 	grating: autoDraw = False
47.1996 	EXP 	Device response: <KeyPress from None: t=47.187801833992125, value=left, duration=None>
47.2045 	DATA 	Keypress: left
47.2084 	EXP 	fixation: autoDraw = False
47.2084 	EXP 	grating: autoDraw = False
47.2084 	EXP 	grating: ori = np.float64(-15.0)
47.2084 	EXP 	fixation: autoDraw = True
47.2826 	EXP 	Device response: <KeyPress from None: t=47.187801833992125, value=left, duration=0.08871900000667665>
47.6976 	EXP 	grating: autoDraw = True
47.7014 	EXP 	fixation: autoDraw = False
47.9849 	EXP 	grating: autoDraw = False
48.2994 	EXP 	Device response: <KeyPress from None: t=48.29418637500203, value=left, duration=None>
48.3047 	DATA 	Keypress: left
48.3083 	EXP 	fixation: autoDraw = False
48.3083 	EXP 	grating: autoDraw = False
48.3083 	EXP 	grating: ori = np.float64(-15.0)
48.3083 	EXP 	fixation: autoDraw = True
48.3993 	EXP 	Device response: <KeyPress from None: t=48.29418637500203, value=left, duration=0.0920065839891322>
48.7976 	EXP 	grating: autoDraw = True
48.8020 	EXP 	fixation: autoDraw = False
49.0851 	EXP 	grating: autoDraw = False
49.1995 	EXP 	Device response: <KeyPress from None: t=49.19615070900181, value=left, duration=None>
49.2057 	DATA 	Keypress: left
49.2097 	EXP 	fixation: autoDraw = False
49.2097 	EXP 	grating: autoDraw = False
49.2097 	EXP 	grating: ori = np.float64(10.0)
49.2097 	EXP 	fixation: autoDraw = True
49.2826 	EXP 	Device response: <KeyPress from None: t=49.19615070900181, value=left, duration=0.08033287498983555>
49.6978 	EXP 	grating: autoDraw = True
49.7023 	EXP 	fixation: autoDraw = False
49.9849 	EXP 	grating: autoDraw = False
50.1364 	EXP 	Device response: <KeyPress from None: t=50.13382108398946, value=right, duration=None>
50.1410 	DATA 	Keypress: right
50.1472 	EXP 	fixation: autoDraw = False
50.1472 	EXP 	grating: autoDraw = False
50.1472 	EXP 	grating: ori = np.float64(10.0)
50.1472 	EXP 	fixation: autoDraw = True
50.2364 	EXP 	Device response: <KeyPress from None: t=50.13382108398946, value=right, duration=0.10033266601385549>
50.6360 	EXP 	fixation: autoDraw = False
50.6360 	EXP 	grating: autoDraw = True
50.9310 	EXP 	grating: autoDraw = False
51.0827 	EXP 	Device response: <KeyPress from None: t=51.068907209002646, value=right, duration=None>
51.0878 	DATA 	Keypress: right
51.0916 	EXP 	fixation: autoDraw = False
51.0916 	EXP 	grating: autoDraw = False
51.0916 	EXP 	grating: ori = np.float64(10.0)
51.0916 	EXP 	fixation: autoDraw = True
51.1662 	EXP 	Device response: <KeyPress from None: t=51.068907209002646, value=right, duration=0.09256824999465607>
51.5810 	EXP 	grating: autoDraw = True
51.5848 	EXP 	fixation: autoDraw = False
51.8683 	EXP 	grating: autoDraw = False
52.0363 	EXP 	Device response: <KeyPress from None: t=52.03384120899136, value=right, duration=None>
52.0404 	DATA 	Keypress: right
52.0473 	EXP 	fixation: autoDraw = False
52.0473 	EXP 	grating: autoDraw = False
52.0473 	EXP 	grating: ori = np.float64(-5.0)
52.0473 	EXP 	fixation: autoDraw = True
52.1825 	EXP 	Device response: <KeyPress from None: t=52.03384120899136, value=right, duration=0.1362526250013616>
52.5358 	EXP 	fixation: autoDraw = False
52.5358 	EXP 	grating: autoDraw = True
52.8310 	EXP 	grating: autoDraw = False
53.1831 	EXP 	Device response: <KeyPress from None: t=53.18007720899186, value=left, duration=None>
53.1882 	DATA 	Keypress: left
53.1922 	EXP 	fixation: autoDraw = False
53.1922 	EXP 	grating: autoDraw = False
53.1922 	EXP 	grating: ori = np.float64(5.0)
53.1922 	EXP 	fixation: autoDraw = True
53.2701 	EXP 	Device response: <KeyPress from None: t=53.18007720899186, value=left, duration=0.08809283300070092>
53.6813 	EXP 	grating: autoDraw = True
53.6857 	EXP 	fixation: autoDraw = False
53.9684 	EXP 	grating: autoDraw = False
54.1497 	EXP 	Device response: <KeyPress from None: t=54.14695029199356, value=right, duration=None>
54.1551 	DATA 	Keypress: right
54.1591 	EXP 	fixation: autoDraw = False
54.1591 	EXP 	grating: autoDraw = False
54.1591 	EXP 	grating: ori = np.float64(-5.0)
54.1591 	EXP 	fixation: autoDraw = True
54.2826 	EXP 	Device response: <KeyPress from None: t=54.14695029199356, value=right, duration=0.12415741699805949>
54.6478 	EXP 	grating: autoDraw = True
54.6516 	EXP 	fixation: autoDraw = False
54.9354 	EXP 	grating: autoDraw = False
55.0834 	EXP 	Device response: <KeyPress from None: t=55.080084083994734, value=left, duration=None>
55.0881 	DATA 	Keypress: left
55.0918 	EXP 	fixation: autoDraw = False
55.0918 	EXP 	grating: autoDraw = False
55.0918 	EXP 	grating: ori = np.float64(1.0)
55.0918 	EXP 	fixation: autoDraw = True
55.1990 	EXP 	Device response: <KeyPress from None: t=55.080084083994734, value=left, duration=0.11633745800645556>
55.5811 	EXP 	grating: autoDraw = True
55.5849 	EXP 	fixation: autoDraw = False
55.8684 	EXP 	grating: autoDraw = False
56.2661 	EXP 	Device response: <KeyPress from None: t=56.262174999996205, value=left, duration=None>
56.2703 	DATA 	Keypress: left
56.2739 	EXP 	fixation: autoDraw = False
56.2739 	EXP 	grating: autoDraw = False
56.2739 	EXP 	grating: ori = np.float64(-6.0)
56.2739 	EXP 	fixation: autoDraw = True
56.3706 	EXP 	Device response: <KeyPress from None: t=56.262174999996205, value=left, duration=0.10394316700694617>
56.7646 	EXP 	grating: autoDraw = True
56.7683 	EXP 	fixation: autoDraw = False
57.0519 	EXP 	grating: autoDraw = False
57.3328 	EXP 	Device response: <KeyPress from None: t=57.32619424999575, value=right, duration=None>
57.3379 	DATA 	Keypress: right
57.3417 	EXP 	fixation: autoDraw = False
57.3417 	EXP 	grating: autoDraw = False
57.3417 	EXP 	grating: ori = np.float64(-11.0)
57.3417 	EXP 	fixation: autoDraw = True
57.4328 	EXP 	Device response: <KeyPress from None: t=57.32619424999575, value=right, duration=0.09597670899529476>
57.8313 	EXP 	grating: autoDraw = True
57.8361 	EXP 	fixation: autoDraw = False
58.1184 	EXP 	grating: autoDraw = False
58.5870 	EXP 	Device response: <KeyPress from None: t=58.583841917003156, value=left, duration=None>
58.5914 	DATA 	Keypress: left
58.5973 	EXP 	fixation: autoDraw = False
58.5973 	EXP 	grating: autoDraw = False
58.5973 	EXP 	grating: ori = np.float64(11.0)
58.5973 	EXP 	fixation: autoDraw = True
58.6994 	EXP 	Device response: <KeyPress from None: t=58.583841917003156, value=left, duration=0.10878424999827985>
59.0871 	EXP 	fixation: autoDraw = False
59.0871 	EXP 	grating: autoDraw = True
59.3853 	EXP 	grating: autoDraw = False
59.7036 	EXP 	Device response: <KeyPress from None: t=59.69889412500197, value=right, duration=None>
59.7083 	DATA 	Keypress: right
59.7140 	EXP 	fixation: autoDraw = False
59.7140 	EXP 	grating: autoDraw = False
59.7140 	EXP 	grating: ori = np.float64(11.0)
59.7140 	EXP 	fixation: autoDraw = True
59.7827 	EXP 	Device response: <KeyPress from None: t=59.69889412500197, value=right, duration=0.08062437499756925>
60.2038 	EXP 	fixation: autoDraw = False
60.2038 	EXP 	grating: autoDraw = True
60.5016 	EXP 	grating: autoDraw = False
60.7499 	EXP 	Device response: <KeyPress from None: t=60.738908874991466, value=right, duration=None>
60.7547 	DATA 	Keypress: right
60.7583 	EXP 	fixation: autoDraw = False
60.7583 	EXP 	grating: autoDraw = False
60.7583 	EXP 	grating: ori = np.float64(6.0)
60.7583 	EXP 	fixation: autoDraw = True
60.8369 	EXP 	Device response: <KeyPress from None: t=60.738908874991466, value=right, duration=0.09631824999814853>
61.2479 	EXP 	grating: autoDraw = True
61.2517 	EXP 	fixation: autoDraw = False
61.5353 	EXP 	grating: autoDraw = False
61.8666 	EXP 	Device response: <KeyPress from None: t=61.859217791992705, value=right, duration=None>
61.8715 	DATA 	Keypress: right
61.8754 	EXP 	fixation: autoDraw = False
61.8754 	EXP 	grating: autoDraw = False
61.8754 	EXP 	grating: ori = np.float64(6.0)
61.8754 	EXP 	fixation: autoDraw = True
61.9664 	EXP 	Device response: <KeyPress from None: t=61.859217791992705, value=right, duration=0.10032158299873117>
62.3647 	EXP 	grating: autoDraw = True
62.3691 	EXP 	fixation: autoDraw = False
62.6518 	EXP 	grating: autoDraw = False
62.9334 	EXP 	Device response: <KeyPress from None: t=62.925210417000926, value=right, duration=None>
62.9383 	DATA 	Keypress: right
62.9422 	EXP 	fixation: autoDraw = False
62.9422 	EXP 	grating: autoDraw = False
62.9422 	EXP 	grating: ori = np.float64(-6.0)
62.9422 	EXP 	fixation: autoDraw = True
63.0371 	EXP 	Device response: <KeyPress from None: t=62.925210417000926, value=right, duration=0.10798604199953843>
63.4313 	EXP 	grating: autoDraw = True
63.4355 	EXP 	fixation: autoDraw = False
63.7186 	EXP 	grating: autoDraw = False
64.1500 	EXP 	Device response: <KeyPress from None: t=64.13598300000012, value=left, duration=None>
64.1553 	DATA 	Keypress: left
64.1591 	EXP 	fixation: autoDraw = False
64.1591 	EXP 	grating: autoDraw = False
64.1591 	EXP 	grating: ori = np.float64(1.0)
64.1591 	EXP 	fixation: autoDraw = True
64.2372 	EXP 	Device response: <KeyPress from None: t=64.13598300000012, value=left, duration=0.09623254199686926>
64.6481 	EXP 	grating: autoDraw = True
64.6526 	EXP 	fixation: autoDraw = False
64.9352 	EXP 	grating: autoDraw = False
65.1204 	EXP 	Device response: <KeyPress from None: t=65.11794233399269, value=right, duration=None>
65.1250 	DATA 	Keypress: right
65.1308 	EXP 	fixation: autoDraw = False
65.1308 	EXP 	grating: autoDraw = False
65.1308 	EXP 	grating: ori = np.float64(1.0)
65.1308 	EXP 	fixation: autoDraw = True
65.3330 	EXP 	Device response: <KeyPress from None: t=65.11794233399269, value=right, duration=0.20860095800890122>
65.6148 	EXP 	grating: autoDraw = True
65.6193 	EXP 	fixation: autoDraw = False
65.9019 	EXP 	grating: autoDraw = False
66.2166 	EXP 	Device response: <KeyPress from None: t=66.21235833399987, value=right, duration=None>
66.2211 	DATA 	Keypress: right
66.2250 	EXP 	fixation: autoDraw = False
66.2250 	EXP 	grating: autoDraw = False
66.2250 	EXP 	grating: ori = np.float64(-1.0)
66.2250 	EXP 	fixation: autoDraw = True
66.3377 	EXP 	Device response: <KeyPress from None: t=66.21235833399987, value=right, duration=0.11986566599807702>
66.7148 	EXP 	grating: autoDraw = True
66.7196 	EXP 	fixation: autoDraw = False
67.0021 	EXP 	grating: autoDraw = False
67.2835 	EXP 	Device response: <KeyPress from None: t=67.28012870899693, value=right, duration=None>
67.2886 	DATA 	Keypress: right
67.2926 	EXP 	fixation: autoDraw = False
67.2926 	EXP 	grating: autoDraw = False
67.2926 	EXP 	grating: ori = np.float64(-6.0)
67.2926 	EXP 	fixation: autoDraw = True
67.4496 	EXP 	Device response: <KeyPress from None: t=67.28012870899693, value=right, duration=0.16009562500403263>
67.7815 	EXP 	grating: autoDraw = True
67.7863 	EXP 	fixation: autoDraw = False
68.0687 	EXP 	grating: autoDraw = False
68.3203 	EXP 	Device response: <KeyPress from None: t=68.31894062500214, value=left, duration=None>
68.3252 	DATA 	Keypress: left
68.3309 	EXP 	fixation: autoDraw = False
68.3309 	EXP 	grating: autoDraw = False
68.3309 	EXP 	grating: ori = np.float64(-6.0)
68.3309 	EXP 	fixation: autoDraw = True
68.4369 	EXP 	Device response: <KeyPress from None: t=68.31894062500214, value=left, duration=0.11634783398767468>
68.8190 	EXP 	fixation: autoDraw = False
68.8190 	EXP 	grating: autoDraw = True
69.1150 	EXP 	grating: autoDraw = False
69.2717 	EXP 	Device response: <KeyPress from None: t=69.26703049999196, value=left, duration=None>
69.2766 	DATA 	Keypress: left
69.2810 	EXP 	fixation: autoDraw = False
69.2810 	EXP 	grating: autoDraw = False
69.2810 	EXP 	grating: ori = np.float64(-6.0)
69.2810 	EXP 	fixation: autoDraw = True
69.3701 	EXP 	Device response: <KeyPress from None: t=69.26703049999196, value=left, duration=0.10016791700036265>
69.7703 	EXP 	fixation: autoDraw = False
69.7703 	EXP 	grating: autoDraw = True
70.0649 	EXP 	grating: autoDraw = False
70.2833 	EXP 	Device response: <KeyPress from None: t=70.27797949999513, value=left, duration=None>
70.2865 	DATA 	Keypress: left
70.2895 	EXP 	fixation: autoDraw = False
70.2895 	EXP 	grating: autoDraw = False
70.2895 	EXP 	grating: ori = np.float64(1.0)
70.2895 	EXP 	fixation: autoDraw = True
70.3824 	EXP 	Device response: <KeyPress from None: t=70.27797949999513, value=left, duration=0.10037420899607241>
70.7815 	EXP 	grating: autoDraw = True
70.7862 	EXP 	fixation: autoDraw = False
71.0687 	EXP 	grating: autoDraw = False
71.4339 	EXP 	Device response: <KeyPress from None: t=71.4320588339906, value=right, duration=None>
71.4431 	DATA 	Keypress: right
71.4477 	EXP 	fixation: autoDraw = False
71.4477 	EXP 	grating: autoDraw = False
71.4477 	EXP 	grating: ori = np.float64(-1.0)
71.4477 	EXP 	fixation: autoDraw = True
71.5996 	EXP 	Device response: <KeyPress from None: t=71.4320588339906, value=right, duration=0.16047845801222138>
71.9372 	EXP 	fixation: autoDraw = False
71.9372 	EXP 	grating: autoDraw = True
72.2316 	EXP 	grating: autoDraw = False
74.9203 	EXP 	Device response: <KeyPress from None: t=74.91900458399323, value=right, duration=None>
74.9248 	DATA 	Keypress: right
74.9312 	EXP 	fixation: autoDraw = False
74.9312 	EXP 	grating: autoDraw = False
74.9312 	EXP 	grating: ori = np.float64(-6.0)
74.9312 	EXP 	fixation: autoDraw = True
75.0208 	EXP 	Device response: <KeyPress from None: t=74.91900458399323, value=right, duration=0.0963342500035651>
75.4205 	EXP 	fixation: autoDraw = False
75.4205 	EXP 	grating: autoDraw = True
75.7185 	EXP 	grating: autoDraw = False
75.9500 	EXP 	Device response: <KeyPress from None: t=75.93698637498892, value=left, duration=None>
75.9553 	DATA 	Keypress: left
75.9590 	EXP 	fixation: autoDraw = False
75.9590 	EXP 	grating: autoDraw = False
75.9590 	EXP 	grating: ori = np.float64(6.0)
75.9590 	EXP 	fixation: autoDraw = True
76.0376 	EXP 	Device response: <KeyPress from None: t=75.93698637498892, value=left, duration=0.09623050001391675>
76.4484 	EXP 	grating: autoDraw = True
76.4523 	EXP 	fixation: autoDraw = False
76.7353 	EXP 	grating: autoDraw = False
76.8178 	EXP 	Device response: <KeyPress from None: t=76.8068919590005, value=right, duration=None>
76.8234 	DATA 	Keypress: right
76.8270 	EXP 	fixation: autoDraw = False
76.8270 	EXP 	grating: autoDraw = False
76.8270 	EXP 	grating: ori = np.float64(6.0)
76.8270 	EXP 	fixation: autoDraw = True
76.9331 	EXP 	Device response: <KeyPress from None: t=76.8068919590005, value=right, duration=0.12459037499502301>
77.3153 	EXP 	grating: autoDraw = True
77.3197 	EXP 	fixation: autoDraw = False
77.6027 	EXP 	grating: autoDraw = False
77.9001 	EXP 	Device response: <KeyPress from None: t=77.88898791700194, value=right, duration=None>
77.9060 	DATA 	Keypress: right
77.9098 	EXP 	fixation: autoDraw = False
77.9098 	EXP 	grating: autoDraw = False
77.9098 	EXP 	grating: ori = np.float64(1.0)
77.9098 	EXP 	fixation: autoDraw = True
78.0048 	EXP 	Device response: <KeyPress from None: t=77.88898791700194, value=right, duration=0.11228858299728017>
78.3984 	EXP 	grating: autoDraw = True
78.4037 	EXP 	fixation: autoDraw = False
78.6853 	EXP 	grating: autoDraw = False
78.7031 	EXP 	Device response: <KeyPress from None: t=78.6990429169964, value=right, duration=None>
78.7069 	DATA 	Keypress: right
78.7150 	EXP 	fixation: autoDraw = False
78.7150 	EXP 	grating: autoDraw = False
78.7150 	EXP 	grating: ori = np.float64(-1.0)
78.7150 	EXP 	fixation: autoDraw = True
78.8499 	EXP 	Device response: <KeyPress from None: t=78.6990429169964, value=right, duration=0.1402726249943953>
79.1986 	EXP 	grating: autoDraw = True
79.2031 	EXP 	fixation: autoDraw = False
79.4861 	EXP 	grating: autoDraw = False
79.8501 	EXP 	Device response: <KeyPress from None: t=79.8481802919996, value=left, duration=None>
79.8547 	DATA 	Keypress: left
79.8585 	EXP 	fixation: autoDraw = False
79.8585 	EXP 	grating: autoDraw = False
79.8585 	EXP 	grating: ori = np.float64(1.0)
79.8585 	EXP 	fixation: autoDraw = True
79.9377 	EXP 	Device response: <KeyPress from None: t=79.8481802919996, value=left, duration=0.08419045800110325>
80.3485 	EXP 	grating: autoDraw = True
80.3529 	EXP 	fixation: autoDraw = False
80.6357 	EXP 	grating: autoDraw = False
81.3053 	EXP 	Device response: <KeyPress from None: t=81.30106008399162, value=left, duration=None>
81.3103 	DATA 	Keypress: left
81.3146 	EXP 	fixation: autoDraw = False
81.3146 	EXP 	grating: autoDraw = False
81.3146 	EXP 	grating: ori = np.float64(6.0)
81.3146 	EXP 	fixation: autoDraw = True
81.3834 	EXP 	Device response: <KeyPress from None: t=81.30106008399162, value=left, duration=0.0683241250080755>
81.8039 	EXP 	fixation: autoDraw = False
81.8039 	EXP 	grating: autoDraw = True
82.0987 	EXP 	grating: autoDraw = False
82.3002 	EXP 	Device response: <KeyPress from None: t=82.28799599999911, value=right, duration=None>
82.3056 	DATA 	Keypress: right
82.3094 	EXP 	fixation: autoDraw = False
82.3094 	EXP 	grating: autoDraw = False
82.3094 	EXP 	grating: ori = np.float64(-6.0)
82.3094 	EXP 	fixation: autoDraw = True
82.3831 	EXP 	Device response: <KeyPress from None: t=82.28799599999911, value=right, duration=0.08432016699225642>
82.7987 	EXP 	grating: autoDraw = True
82.8031 	EXP 	fixation: autoDraw = False
83.0860 	EXP 	grating: autoDraw = False
83.3708 	EXP 	Device response: <KeyPress from None: t=83.36702454199258, value=left, duration=None>
83.3756 	DATA 	Keypress: left
83.3813 	EXP 	fixation: autoDraw = False
83.3813 	EXP 	grating: autoDraw = False
83.3813 	EXP 	grating: ori = np.float64(6.0)
83.3813 	EXP 	fixation: autoDraw = True
83.4835 	EXP 	Device response: <KeyPress from None: t=83.36702454199258, value=left, duration=0.10845237500325311>
83.8710 	EXP 	fixation: autoDraw = False
83.8710 	EXP 	grating: autoDraw = True
84.1690 	EXP 	grating: autoDraw = False
84.2512 	EXP 	Device response: <KeyPress from None: t=84.23500462499214, value=left, duration=None>
84.2556 	DATA 	Keypress: left
84.2651 	EXP 	fixation: autoDraw = False
84.2651 	EXP 	grating: autoDraw = False
84.2651 	EXP 	grating: ori = np.float64(11.0)
84.2651 	EXP 	fixation: autoDraw = True
84.2701 	EXP 	Device response: <KeyPress from None: t=84.23500462499214, value=left, duration=0.03217741700063925>
84.2999 	EXP 	Device response: <KeyPress from None: t=84.28886829200201, value=right, duration=None>
84.3028 	DATA 	Keypress: right
84.3500 	EXP 	Device response: <KeyPress from None: t=84.28886829200201, value=right, duration=0.05229316699842457>
84.7485 	EXP 	grating: autoDraw = True
84.7535 	EXP 	fixation: autoDraw = False
85.0358 	EXP 	grating: autoDraw = False
85.3343 	EXP 	Device response: <KeyPress from None: t=85.32212879200233, value=right, duration=None>
85.3405 	DATA 	Keypress: right
85.3445 	EXP 	fixation: autoDraw = False
85.3445 	EXP 	grating: autoDraw = False
85.3445 	EXP 	grating: ori = np.float64(-11.0)
85.3445 	EXP 	fixation: autoDraw = True
85.4005 	EXP 	Device response: <KeyPress from None: t=85.32212879200233, value=right, duration=0.07642374999704771>
85.8320 	EXP 	grating: autoDraw = True
85.8371 	EXP 	fixation: autoDraw = False
86.1191 	EXP 	grating: autoDraw = False
86.2836 	EXP 	Device response: <KeyPress from None: t=86.28132016699237, value=left, duration=None>
86.2888 	DATA 	Keypress: left
86.2925 	EXP 	fixation: autoDraw = False
86.2925 	EXP 	grating: autoDraw = False
86.2925 	EXP 	grating: ori = np.float64(11.0)
86.2925 	EXP 	fixation: autoDraw = True
86.3542 	EXP 	Device response: <KeyPress from None: t=86.28132016699237, value=left, duration=0.06807741700322367>
86.7819 	EXP 	grating: autoDraw = True
86.7867 	EXP 	fixation: autoDraw = False
87.0693 	EXP 	grating: autoDraw = False
87.1838 	EXP 	Device response: <KeyPress from None: t=87.17304320899711, value=right, duration=None>
87.1887 	DATA 	Keypress: right
87.1924 	EXP 	fixation: autoDraw = False
87.1924 	EXP 	grating: autoDraw = False
87.1924 	EXP 	grating: ori = np.float64(-6.0)
87.1924 	EXP 	fixation: autoDraw = True
87.2872 	EXP 	Device response: <KeyPress from None: t=87.17304320899711, value=right, duration=0.11230866599362344>
87.6820 	EXP 	grating: autoDraw = True
87.6873 	EXP 	fixation: autoDraw = False
87.9692 	EXP 	grating: autoDraw = False
88.1672 	EXP 	Device response: <KeyPress from None: t=88.15717212499294, value=left, duration=None>
88.1726 	DATA 	Keypress: left
88.1767 	EXP 	fixation: autoDraw = False
88.1767 	EXP 	grating: autoDraw = False
88.1767 	EXP 	grating: ori = np.float64(6.0)
88.1767 	EXP 	fixation: autoDraw = True
88.2335 	EXP 	Device response: <KeyPress from None: t=88.15717212499294, value=left, duration=0.07250612499774434>
88.6653 	EXP 	grating: autoDraw = True
88.6700 	EXP 	fixation: autoDraw = False
88.9525 	EXP 	grating: autoDraw = False
89.1007 	EXP 	Device response: <KeyPress from None: t=89.09116383398941, value=right, duration=None>
89.1059 	DATA 	Keypress: right
89.1099 	EXP 	fixation: autoDraw = False
89.1099 	EXP 	grating: autoDraw = False
89.1099 	EXP 	grating: ori = np.float64(6.0)
89.1099 	EXP 	fixation: autoDraw = True
89.2162 	EXP 	Device response: <KeyPress from None: t=89.09116383398941, value=right, duration=0.12055108300410211>
89.5987 	EXP 	grating: autoDraw = True
89.6026 	EXP 	fixation: autoDraw = False
89.8859 	EXP 	grating: autoDraw = False
90.2715 	EXP 	Device response: <KeyPress from None: t=90.26707416700083, value=right, duration=None>
90.2762 	DATA 	Keypress: right
90.2814 	EXP 	fixation: autoDraw = False
90.2814 	EXP 	grating: autoDraw = False
90.2814 	EXP 	grating: ori = np.float64(-1.0)
90.2814 	EXP 	fixation: autoDraw = True
90.3835 	EXP 	Device response: <KeyPress from None: t=90.26707416700083, value=right, duration=0.10825554199982435>
90.7707 	EXP 	fixation: autoDraw = False
90.7707 	EXP 	grating: autoDraw = True
91.0655 	EXP 	grating: autoDraw = False
91.5670 	EXP 	Device response: <KeyPress from None: t=91.56428070898983, value=left, duration=None>
91.5718 	DATA 	Keypress: left
91.5755 	EXP 	fixation: autoDraw = False
91.5755 	EXP 	grating: autoDraw = False
91.5755 	EXP 	grating: ori = np.float64(-1.0)
91.5755 	EXP 	fixation: autoDraw = True
91.6671 	EXP 	Device response: <KeyPress from None: t=91.56428070898983, value=left, duration=0.09209645800001454>
92.0654 	EXP 	grating: autoDraw = True
92.0692 	EXP 	fixation: autoDraw = False
92.3528 	EXP 	grating: autoDraw = False
92.8841 	EXP 	Device response: <KeyPress from None: t=92.87521529199148, value=left, duration=None>
92.8897 	DATA 	Keypress: left
92.8936 	EXP 	fixation: autoDraw = False
92.8936 	EXP 	grating: autoDraw = False
92.8936 	EXP 	grating: ori = np.float64(-1.0)
92.8936 	EXP 	fixation: autoDraw = True
92.9836 	EXP 	Device response: <KeyPress from None: t=92.87521529199148, value=left, duration=0.10046741701080464>
93.3822 	EXP 	grating: autoDraw = True
93.3868 	EXP 	fixation: autoDraw = False
93.6694 	EXP 	grating: autoDraw = False
94.2171 	EXP 	Device response: <KeyPress from None: t=94.21350083399739, value=right, duration=None>
94.2222 	DATA 	Keypress: right
94.2260 	EXP 	fixation: autoDraw = False
94.2260 	EXP 	grating: autoDraw = False
94.2260 	EXP 	grating: ori = np.float64(6.0)
94.2260 	EXP 	fixation: autoDraw = True
94.3173 	EXP 	Device response: <KeyPress from None: t=94.21350083399739, value=right, duration=0.10019100000499748>
94.7156 	EXP 	grating: autoDraw = True
94.7193 	EXP 	fixation: autoDraw = False
95.0029 	EXP 	grating: autoDraw = False
95.3511 	EXP 	Device response: <KeyPress from None: t=95.33717020899348, value=right, duration=None>
95.3567 	DATA 	Keypress: right
95.3608 	EXP 	fixation: autoDraw = False
95.3608 	EXP 	grating: autoDraw = False
95.3608 	EXP 	grating: ori = np.float64(6.0)
95.3608 	EXP 	fixation: autoDraw = True
95.4672 	EXP 	Device response: <KeyPress from None: t=95.33717020899348, value=right, duration=0.12023579100787174>
95.8489 	EXP 	grating: autoDraw = True
95.8538 	EXP 	fixation: autoDraw = False
96.1362 	EXP 	grating: autoDraw = False
96.3509 	EXP 	Device response: <KeyPress from None: t=96.34924554199097, value=right, duration=None>
96.3561 	DATA 	Keypress: right
96.3600 	EXP 	fixation: autoDraw = False
96.3600 	EXP 	grating: autoDraw = False
96.3600 	EXP 	grating: ori = np.float64(6.0)
96.3600 	EXP 	fixation: autoDraw = True
96.5004 	EXP 	Device response: <KeyPress from None: t=96.34924554199097, value=right, duration=0.14843245800875593>
96.8491 	EXP 	grating: autoDraw = True
96.8541 	EXP 	fixation: autoDraw = False
97.1363 	EXP 	grating: autoDraw = False
97.4010 	EXP 	Device response: <KeyPress from None: t=97.39840749998984, value=right, duration=None>
97.4064 	DATA 	Keypress: right
97.4104 	EXP 	fixation: autoDraw = False
97.4104 	EXP 	grating: autoDraw = False
97.4104 	EXP 	grating: ori = np.float64(1.0)
97.4104 	EXP 	fixation: autoDraw = True
97.5506 	EXP 	Device response: <KeyPress from None: t=97.39840749998984, value=right, duration=0.14406000000599306>
97.8990 	EXP 	grating: autoDraw = True
97.9029 	EXP 	fixation: autoDraw = False
98.1862 	EXP 	grating: autoDraw = False
98.9006 	EXP 	Device response: <KeyPress from None: t=98.89438054199854, value=right, duration=None>
98.9059 	DATA 	Keypress: right
98.9097 	EXP 	fixation: autoDraw = False
98.9097 	EXP 	grating: autoDraw = False
98.9097 	EXP 	grating: ori = np.float64(-1.0)
98.9097 	EXP 	fixation: autoDraw = True
99.0336 	EXP 	Device response: <KeyPress from None: t=98.89438054199854, value=right, duration=0.1362825830001384>
99.3990 	EXP 	grating: autoDraw = True
99.4039 	EXP 	fixation: autoDraw = False
99.6863 	EXP 	grating: autoDraw = False
100.2177 	EXP 	Device response: <KeyPress from None: t=100.20924533400103, value=left, duration=None>
100.2225 	DATA 	Keypress: left
100.2264 	EXP 	fixation: autoDraw = False
100.2264 	EXP 	grating: autoDraw = False
100.2264 	EXP 	grating: ori = np.float64(-1.0)
100.2264 	EXP 	fixation: autoDraw = True
100.3672 	EXP 	Device response: <KeyPress from None: t=100.20924533400103, value=left, duration=0.15254124999046326>
100.7156 	EXP 	grating: autoDraw = True
100.7194 	EXP 	fixation: autoDraw = False
101.0029 	EXP 	grating: autoDraw = False
101.3007 	EXP 	Device response: <KeyPress from None: t=101.28711916699831, value=left, duration=None>
101.3054 	DATA 	Keypress: left
101.3091 	EXP 	fixation: autoDraw = False
101.3091 	EXP 	grating: autoDraw = False
101.3091 	EXP 	grating: ori = np.float64(1.0)
101.3091 	EXP 	fixation: autoDraw = True
101.3839 	EXP 	Device response: <KeyPress from None: t=101.28711916699831, value=left, duration=0.09261966700432822>
101.7990 	EXP 	grating: autoDraw = True
101.8041 	EXP 	fixation: autoDraw = False
102.0863 	EXP 	grating: autoDraw = False
102.7183 	EXP 	Device response: <KeyPress from None: t=102.71341787499841, value=left, duration=None>
102.7237 	DATA 	Keypress: left
102.7276 	EXP 	fixation: autoDraw = False
102.7276 	EXP 	grating: autoDraw = False
102.7276 	EXP 	grating: ori = np.float64(-6.0)
102.7276 	EXP 	fixation: autoDraw = True
102.8551 	EXP 	Device response: <KeyPress from None: t=102.71341787499841, value=left, duration=0.13610462499491405>
103.2157 	EXP 	grating: autoDraw = True
103.2205 	EXP 	fixation: autoDraw = False
103.5029 	EXP 	grating: autoDraw = False
103.9512 	EXP 	Device response: <KeyPress from None: t=103.94936304198927, value=left, duration=None>
103.9562 	DATA 	Keypress: left
103.9603 	EXP 	fixation: autoDraw = False
103.9603 	EXP 	grating: autoDraw = False
103.9603 	EXP 	grating: ori = np.float64(-6.0)
103.9603 	EXP 	fixation: autoDraw = True
104.0507 	EXP 	Device response: <KeyPress from None: t=103.94936304198927, value=left, duration=0.088145292000263>
104.4491 	EXP 	grating: autoDraw = True
104.4537 	EXP 	fixation: autoDraw = False
104.7366 	EXP 	grating: autoDraw = False
104.9341 	EXP 	Device response: <KeyPress from None: t=104.92214762499498, value=left, duration=None>
104.9394 	DATA 	Keypress: left
104.9432 	EXP 	fixation: autoDraw = False
104.9432 	EXP 	grating: autoDraw = False
104.9432 	EXP 	grating: ori = np.float64(6.0)
104.9432 	EXP 	fixation: autoDraw = True
105.0214 	EXP 	Device response: <KeyPress from None: t=104.92214762499498, value=left, duration=0.09631037499639206>
105.4325 	EXP 	grating: autoDraw = True
105.4364 	EXP 	fixation: autoDraw = False
105.7197 	EXP 	grating: autoDraw = False
105.8385 	EXP 	Device response: <KeyPress from None: t=105.83325195898942, value=left, duration=None>
105.8430 	DATA 	Keypress: left
105.8485 	EXP 	fixation: autoDraw = False
105.8485 	EXP 	grating: autoDraw = False
105.8485 	EXP 	grating: ori = np.float64(-11.0)
105.8485 	EXP 	fixation: autoDraw = True
105.9174 	EXP 	Device response: <KeyPress from None: t=105.83325195898942, value=left, duration=0.07636600000842009>
106.3380 	EXP 	fixation: autoDraw = False
106.3380 	EXP 	grating: autoDraw = True
106.6364 	EXP 	grating: autoDraw = False
106.7878 	EXP 	Device response: <KeyPress from None: t=106.78411658399273, value=left, duration=None>
106.7925 	DATA 	Keypress: left
106.7988 	EXP 	fixation: autoDraw = False
106.7988 	EXP 	grating: autoDraw = False
106.7988 	EXP 	grating: ori = np.float64(-11.0)
106.7988 	EXP 	fixation: autoDraw = True
106.8673 	EXP 	Device response: <KeyPress from None: t=106.78411658399273, value=left, duration=0.07665404099680018>
107.2882 	EXP 	fixation: autoDraw = False
107.2882 	EXP 	grating: autoDraw = True
107.5865 	EXP 	grating: autoDraw = False
107.9344 	EXP 	Device response: <KeyPress from None: t=107.92747545900056, value=left, duration=None>
107.9396 	DATA 	Keypress: left
107.9432 	EXP 	fixation: autoDraw = False
107.9432 	EXP 	grating: autoDraw = False
107.9432 	EXP 	grating: ori = np.float64(-11.0)
107.9432 	EXP 	fixation: autoDraw = True
108.0171 	EXP 	Device response: <KeyPress from None: t=107.92747545900056, value=left, duration=0.08823229098925367>
108.4326 	EXP 	grating: autoDraw = True
108.4372 	EXP 	fixation: autoDraw = False
108.7198 	EXP 	grating: autoDraw = False
109.0843 	EXP 	Device response: <KeyPress from None: t=109.0742550839932, value=left, duration=None>
109.0887 	DATA 	Keypress: left
109.0916 	EXP 	fixation: autoDraw = False
109.0916 	EXP 	grating: autoDraw = False
109.0917 	EXP 	staircase experiment: status = STOPPED
109.1171 	INFO 	saved data to '/Users/Devidhulesia/Desktop/data/733116_staircase experiment_2025-08-29_15h56.20.252.csv'
109.1189 	INFO 	saved data to /Users/Devidhulesia/Desktop/data/733116_staircase experiment_2025-08-29_15h56.20.252.psydat
109.2938 	WARNING 	Stopping key buffers but this could be dangerous ifother keyboards rely on the same.
109.2939 	WARNING 	Stopping key buffers but this could be dangerous ifother keyboards rely on the same.
